
There are no discarded input sections

Memory Configuration

Name             Origin             Length             Attributes
FLASH            0x08000000         0x00080000         xr
SRAM             0x20000000         0x00020000         xrw
*default*        0x00000000         0xffffffff

Linker script and memory map

LOAD object/kmath.o
LOAD object/kfloat.o
LOAD object/cm4.o
LOAD object/mcu_info.o
LOAD object/kstring.o
LOAD object/kmain.o
LOAD object/stm32_startup.o
LOAD object/sys_clock.o
LOAD object/sys_usart.o
LOAD object/sys_gpio.o
LOAD object/kstdio.o
LOAD object/sys_init.o
LOAD object/unistd.o
LOAD object/times.o
LOAD object/serial_lin.o
LOAD object/UsartRingBuffer.o
LOAD object/debug.o
LOAD object/timer.o
LOAD object/sys_err.o
LOAD object/sys_rtc.o
LOAD object/syscall.o

.text           0x08000000     0x52cc
                0x08000000                        _stext = .
 *(.isr_vector)
 .isr_vector    0x08000000      0x1c4 object/stm32_startup.o
                0x08000000                NVIC_VECTOR
 *(.text)
 .text          0x080001c4       0x4e object/kmath.o
                0x080001c4                __pow
 *fill*         0x08000212        0x2 
 .text          0x08000214      0xed4 object/kfloat.o
                0x08000214                __aeabi_f2d
                0x080002da                __aeabi_d2f
                0x08000362                __aeabi_d2iz
                0x080003f2                __aeabi_d2i
                0x08000482                get_decimal_part
                0x0800056c                __aeabi_ui2d
                0x080005ec                __aeabi_d2uiz
                0x08000662                __aeabi_dsub
                0x08000922                __aeabi_dmul
                0x08000ad4                __aeabi_dadd
                0x08000d82                __aeabi_d2ulz
                0x08000e00                __aeabi_ddiv
                0x080010a8                __aeabi_dcmpeq
 .text          0x080010e8      0x2f8 object/cm4.o
                0x080010e8                __SysTick_init
                0x08001130                SysTickIntDisable
                0x08001150                SysTickIntEnable
                0x08001170                __SysTick_enable
                0x08001190                __SysTick_disable
                0x080011b0                __getSysTickCount
                0x080011c8                __updateSysTick
                0x08001228                __getTime
                0x08001240                __get__Second
                0x08001258                __get__Minute
                0x08001270                __get__Hour
                0x08001288                SysTick_Handler
                0x08001324                ms_delay
                0x08001358                getmsTick
                0x08001370                wait_until
                0x080013a4                __enable_fpu
                0x080013d0                SYS_SLEEP_WFI
 .text          0x080013e0      0x1a8 object/mcu_info.o
                0x080013e0                show_system_info
                0x0800148c                store_product_id
                0x08001574                get_product_id
 .text          0x08001588      0x8ec object/kstring.o
                0x08001588                __str_to_num
                0x0800166a                __reverse_str
                0x080016c8                __strlen
                0x080016f6                convert
                0x08001774                convertu32
                0x080017cc                float2str
                0x08001898                str2float
                0x0800199a                kmemset
                0x080019da                StrCat
                0x08001a24                strcopy
                0x08001a5e                clear_str
                0x08001a9c                strncopy
                0x08001aee                strn4mcopy
                0x08001b3c                byte_to_hex
                0x08001bb0                show_byte_hex_str
                0x08001bf0                show_byte_stream_hex
                0x08001c30                strcomp
                0x08001c80                strncopy_cmd
                0x08001cce                uint16_to_str
                0x08001e20                strCat_n_to_m
 .text          0x08001e74       0x68 object/kmain.o
                0x08001e74                kmain
 .text          0x08001edc      0x140 object/stm32_startup.o
                0x08001edc                Reset_Handler
                0x08001f94                RTC_WKUP_Handler
                0x08001f94                FLASH_Handler
                0x08001f94                DMA2_Stream7_Handler
                0x08001f94                OTG_HS_Handler
                0x08001f94                DMA2_Stream3_Handler
                0x08001f94                USART3_Handler
                0x08001f94                PendSV_Handler
                0x08001f94                NMI_Handler
                0x08001f94                SAI1_Handler
                0x08001f94                TIM6_DAC_Handler
                0x08001f94                CAN1_RX1_Handler
                0x08001f94                EXTI15_10_Handler
                0x08001f94                ADC_Handler
                0x08001f94                I2C1_EV_Handler
                0x08001f94                TAMP_STAMP_Handler
                0x08001f94                I2C3_ER_Handler
                0x08001f94                WWDG_Handler
                0x08001f94                EXTI4_Handler
                0x08001f94                I2C3_EV_Handler
                0x08001f94                DMA1_Stream1_Handler
                0x08001f94                DMA2_Stream4_Handler
                0x08001f94                DMA1_Stream7_Handler
                0x08001f94                OTG_FS_Handler
                0x08001f94                TIM1_BRK_TIM9_Handler
                0x08001f94                I2C1_ER_Handler
                0x08001f94                DMA1_Stream3_Handler
                0x08001f94                UsageFault_Handler
                0x08001f94                TIM1_UP_TIM10_Handler
                0x08001f94                CAN1_RX0_Handler
                0x08001f94                TIM1_CC_Handler
                0x08001f94                I2C2_ER_Handler
                0x08001f94                TIM8_CC_Handler
                0x08001f94                HDMI_CEC_Handler
                0x08001f94                SAI2_Handler
                0x08001f94                CAN1_SCE_Handler
                0x08001f94                DMA1_Stream0_Handler
                0x08001f94                OTG_HS_EP1_OUT_Handler
                0x08001f94                EXTI1_Handler
                0x08001f94                FMC_Handler
                0x08001f94                EXTI3_Handler
                0x08001f94                EXTI2_Handler
                0x08001f94                UART4_Handler
                0x08001f94                CAN2_RX1_Handler
                0x08001f94                EXTI9_5_Handler
                0x08001f94                USART1_Handler
                0x08001f94                CAN2_SCE_Handler
                0x08001f94                TIM3_Handler
                0x08001f94                DMA2_Stream6_Handler
                0x08001f94                Default_Handler
                0x08001f94                DCMI_Handler
                0x08001f94                TIM1_TRG_COM_TIM11_Handler
                0x08001f94                RTC_Alarm_Handler
                0x08001f94                TIM4_Handler
                0x08001f94                TIM8_UP_TIM13_Handler
                0x08001f94                CAN2_TX_Handler
                0x08001f94                SPI2_Handler
                0x08001f94                DMA2_Stream1_Handler
                0x08001f94                DMA1_Stream2_Handler
                0x08001f94                EXTI0_Handler
                0x08001f94                TIM8_BRK_TIM12_Handler
                0x08001f94                CAN2_RX0_Handler
                0x08001f94                DMA2_Stream5_Handler
                0x08001f94                DMA1_Stream6_Handler
                0x08001f94                SDIO_Handler
                0x08001f94                FMPI2C1_ERR_Handler
                0x08001f94                SPI1_Handler
                0x08001f94                I2C2_EV_Handler
                0x08001f94                SPDIF_Rx_Handler
                0x08001f94                DMA2_Stream2_Handler
                0x08001f94                SPI3_Handler
                0x08001f94                DMA2_Stream0_Handler
                0x08001f94                RCC_Handler
                0x08001f94                PVD_Handler
                0x08001f94                UART5_Handler
                0x08001f94                DMA1_Stream5_Handler
                0x08001f94                TIM5_Handler
                0x08001f94                QuadSPI_Handler
                0x08001f94                TIM7_Handler
                0x08001f94                TIM8_TRG_COM_TIM14_Handler
                0x08001f94                CAN1_TX_Handler
                0x08001f94                FPU_Handler
                0x08001f94                FMPI2C1_Handler
                0x08001f94                DMA1_Stream4_Handler
                0x08001f94                DebugMonitor_Handler
                0x08001f94                OTG_HS_WKUP_Handler
                0x08001f94                OTG_FS_WKUP_Handler
                0x08001f94                SPI4_Handler
                0x08001f94                OTG_HS_EP1_IN_Handler
                0x08001f9c                HardFault_Handler
                0x08001fa4                MemManage_Handler
                0x08001fac                BusFault_Handler
                0x08001fb4                SVCall_Handler
                0x08001fc8                SVC_Handler_C
 .text          0x0800201c      0x308 object/sys_clock.o
                0x0800201c                __init_sys_clock
                0x080020e8                __APB1CLK_FREQ
                0x08002164                __APB2CLK_FREQ
                0x080021e0                __PLL_SYS_CLK
                0x08002278                __AHB_CLK
 .text          0x08002324      0x584 object/sys_usart.o
                0x080023d4                UART_Init
                0x0800246e                UART_DeInit
                0x080024dc                UART_BRR_SAMPLING16
                0x08002670                UART_MspInit
 .text          0x080028a8      0x5bc object/sys_gpio.o
                0x080028a8                GPIO_WritePin
                0x080028da                GPIO_Init
                0x08002be0                GPIO_DeInit
                0x08002dc8                SPI_GPIOInit
 .text          0x08002e64      0x33c object/kstdio.o
                0x08002e64                kprintf
                0x08002ff8                putstr
                0x08003034                kscanf
 .text          0x080031a0      0x138 object/sys_init.o
                0x080031e8                __sys_init
                0x080032a4                SYS_ROUTINE
                0x080032b0                display_group_info
 .text          0x080032d8       0x84 object/unistd.o
                0x080032d8                write
                0x08003300                read
                0x08003328                getSysTickTime
                0x08003342                getpid
 .text          0x0800335c        0x0 object/times.o
 .text          0x0800335c      0x1b8 object/serial_lin.o
                0x0800335c                SerialLin2_init
                0x080033f4                SerialLin6_init
                0x0800348c                USART2_Handler
                0x080034a0                USART6_Handler
                0x080034b4                noIntWrite
                0x080034e4                noIntSendString
 .text          0x08003514      0xb78 object/UsartRingBuffer.o
                0x08003514                Ringbuf_init
                0x080035ae                Look_for
                0x0800364e                GetDataFromBuffer
                0x0800378e                Uart_flush
                0x080037c4                Uart_peek
                0x08003840                Uart_read
                0x080038e0                Uart_write
                0x08003998                IsDataAvailable
                0x08003a1c                Get_after
                0x08003a7a                Uart_sendstring
                0x08003aa8                Uart_printbase
                0x08003b40                Copy_upto
                0x08003c40                Wait_for
                0x08003d2c                look_for_frame
                0x08003e92                Uart_isr
                0x08003fa0                update_tail
                0x08004006                debug_buffer
 .text          0x0800408c      0x110 object/debug.o
                0x0800408c                __debugRamUsage
                0x080040d8                __digitalWriteDebugButton
                0x08004134                __digitalReadDebugButton
                0x08004164                __alalogReadDebug
                0x0800417c                __analogWriteDebug
 .text          0x0800419c      0x228 object/timer.o
                0x080041d8                ConfigTimer2ForSystem
                0x08004254                Delay_micro_second
                0x080042e8                Delay
                0x08004316                getMiliseconds
                0x08004358                getMicroseconds
                0x08004388                TIM2_Handler
 .text          0x080043c4       0x14 object/sys_err.o
                0x080043c4                Error_Handler
 .text          0x080043d8      0x364 object/sys_rtc.o
                0x080043d8                SYS_RTC_init
                0x08004680                get_timeofDay
 .text          0x0800473c      0x208 object/syscall.o
                0x08004764                sys_read
                0x0800483c                sys_write
                0x08004890                syscall_dispatch
 *(.rodata)
 .rodata        0x08004944       0x64 object/mcu_info.o
 .rodata        0x080049a8        0x6 object/kstring.o
 *fill*         0x080049ae        0x2 
 .rodata        0x080049b0       0x5b object/kmain.o
 *fill*         0x08004a0b        0x1 
 .rodata        0x08004a0c        0x4 object/stm32_startup.o
                0x08004a0c                STACK_START
 .rodata        0x08004a10       0x18 object/sys_clock.o
                0x08004a10                AHBPrescTable
                0x08004a20                APBPrescTable
 .rodata        0x08004a28      0x1aa object/sys_init.o
 *fill*         0x08004bd2        0x2 
 .rodata        0x08004bd4      0x6f8 object/syscall.o
                0x080051c4                sys_errlist
                0x080052c8                sys_nerr
                0x080052cc                        . = ALIGN (0x4)
                0x080052cc                        _etext = .
                0x080052cc                        _la_data = LOADADDR (.data)

.glue_7         0x080052cc        0x0
 .glue_7        0x080052cc        0x0 linker stubs

.glue_7t        0x080052cc        0x0
 .glue_7t       0x080052cc        0x0 linker stubs

.vfp11_veneer   0x080052cc        0x0
 .vfp11_veneer  0x080052cc        0x0 linker stubs

.v4_bx          0x080052cc        0x0
 .v4_bx         0x080052cc        0x0 linker stubs

.iplt           0x080052cc        0x0
 .iplt          0x080052cc        0x0 object/kfloat.o

.rel.dyn        0x080052cc        0x0
 .rel.iplt      0x080052cc        0x0 object/kfloat.o

.data           0x20000000       0x6c load address 0x080052cc
                0x20000000                        _sdata = .
 *(.data)
 .data          0x20000000        0x0 object/kmath.o
 .data          0x20000000        0x0 object/kfloat.o
 .data          0x20000000        0x0 object/cm4.o
 .data          0x20000000        0x0 object/mcu_info.o
 .data          0x20000000       0x61 object/kstring.o
 .data          0x20000061        0x0 object/kmain.o
 .data          0x20000061        0x0 object/stm32_startup.o
 .data          0x20000061        0x0 object/sys_clock.o
 .data          0x20000061        0x0 object/sys_usart.o
 .data          0x20000061        0x0 object/sys_gpio.o
 .data          0x20000061        0x0 object/kstdio.o
 .data          0x20000061        0x0 object/sys_init.o
 .data          0x20000061        0x0 object/unistd.o
 .data          0x20000061        0x0 object/times.o
 *fill*         0x20000061        0x3 
 .data          0x20000064        0x8 object/serial_lin.o
                0x20000064                errObj
 .data          0x2000006c        0x0 object/UsartRingBuffer.o
 .data          0x2000006c        0x0 object/debug.o
 .data          0x2000006c        0x0 object/timer.o
 .data          0x2000006c        0x0 object/sys_err.o
 .data          0x2000006c        0x0 object/sys_rtc.o
 .data          0x2000006c        0x0 object/syscall.o
                0x2000006c                        . = ALIGN (0x4)
                0x2000006c                        _edata = .

.igot.plt       0x2000006c        0x0 load address 0x08005338
 .igot.plt      0x2000006c        0x0 object/kfloat.o

.bss            0x2000006c      0x90c load address 0x08005338
                0x2000006c                        _sbss = .
 *(.bss)
 .bss           0x2000006c        0x0 object/kmath.o
 .bss           0x2000006c        0x0 object/kfloat.o
 .bss           0x2000006c       0x10 object/cm4.o
                0x2000006c                ms_tick
                0x20000070                sec_tick
                0x20000074                min_tick
                0x20000078                hour_tick
 .bss           0x2000007c       0x14 object/mcu_info.o
 .bss           0x20000090       0x32 object/kstring.o
 .bss           0x200000c2        0x0 object/kmain.o
 *fill*         0x200000c2        0x2 
 .bss           0x200000c4        0xc object/stm32_startup.o
                0x200000c4                _bss_size
                0x200000c8                _data_size
                0x200000cc                _text_size
 .bss           0x200000d0        0x0 object/sys_clock.o
 .bss           0x200000d0        0x0 object/sys_usart.o
 .bss           0x200000d0        0x0 object/sys_gpio.o
 .bss           0x200000d0        0x0 object/kstdio.o
 .bss           0x200000d0        0x0 object/sys_init.o
 .bss           0x200000d0        0x0 object/unistd.o
 .bss           0x200000d0        0x0 object/times.o
 .bss           0x200000d0      0x890 object/serial_lin.o
                0x200000d0                huart2
                0x20000518                huart6
 .bss           0x20000960        0x0 object/UsartRingBuffer.o
 .bss           0x20000960        0xc object/debug.o
                0x20000964                CURRENT_MSP
                0x20000968                DEBUG_BUTTON
                0x2000096a                DEBUG_ANALOG_IO
 .bss           0x2000096c        0x5 object/timer.o
 .bss           0x20000971        0x0 object/sys_err.o
 .bss           0x20000971        0x0 object/sys_rtc.o
 *fill*         0x20000971        0x3 
 .bss           0x20000974        0x4 object/syscall.o
                0x20000974                g_current_task_id
                0x20000978                        _ebss = .
OUTPUT(build/final.elf elf32-littlearm)
LOAD linker stubs

.comment        0x00000000       0x26
 .comment       0x00000000       0x26 object/kmath.o
                                 0x27 (size before relaxing)
 .comment       0x00000026       0x27 object/kfloat.o
 .comment       0x00000026       0x27 object/cm4.o
 .comment       0x00000026       0x27 object/mcu_info.o
 .comment       0x00000026       0x27 object/kstring.o
 .comment       0x00000026       0x27 object/kmain.o
 .comment       0x00000026       0x27 object/stm32_startup.o
 .comment       0x00000026       0x27 object/sys_clock.o
 .comment       0x00000026       0x27 object/sys_usart.o
 .comment       0x00000026       0x27 object/sys_gpio.o
 .comment       0x00000026       0x27 object/kstdio.o
 .comment       0x00000026       0x27 object/sys_init.o
 .comment       0x00000026       0x27 object/unistd.o
 .comment       0x00000026       0x27 object/times.o
 .comment       0x00000026       0x27 object/serial_lin.o
 .comment       0x00000026       0x27 object/UsartRingBuffer.o
 .comment       0x00000026       0x27 object/debug.o
 .comment       0x00000026       0x27 object/timer.o
 .comment       0x00000026       0x27 object/sys_err.o
 .comment       0x00000026       0x27 object/sys_rtc.o
 .comment       0x00000026       0x27 object/syscall.o

.ARM.attributes
                0x00000000       0x32
 .ARM.attributes
                0x00000000       0x32 object/kmath.o
 .ARM.attributes
                0x00000032       0x32 object/kfloat.o
 .ARM.attributes
                0x00000064       0x32 object/cm4.o
 .ARM.attributes
                0x00000096       0x32 object/mcu_info.o
 .ARM.attributes
                0x000000c8       0x32 object/kstring.o
 .ARM.attributes
                0x000000fa       0x32 object/kmain.o
 .ARM.attributes
                0x0000012c       0x32 object/stm32_startup.o
 .ARM.attributes
                0x0000015e       0x32 object/sys_clock.o
 .ARM.attributes
                0x00000190       0x32 object/sys_usart.o
 .ARM.attributes
                0x000001c2       0x32 object/sys_gpio.o
 .ARM.attributes
                0x000001f4       0x32 object/kstdio.o
 .ARM.attributes
                0x00000226       0x32 object/sys_init.o
 .ARM.attributes
                0x00000258       0x32 object/unistd.o
 .ARM.attributes
                0x0000028a       0x32 object/times.o
 .ARM.attributes
                0x000002bc       0x32 object/serial_lin.o
 .ARM.attributes
                0x000002ee       0x32 object/UsartRingBuffer.o
 .ARM.attributes
                0x00000320       0x32 object/debug.o
 .ARM.attributes
                0x00000352       0x32 object/timer.o
 .ARM.attributes
                0x00000384       0x32 object/sys_err.o
 .ARM.attributes
                0x000003b6       0x32 object/sys_rtc.o
 .ARM.attributes
                0x000003e8       0x32 object/syscall.o
