
There are no discarded input sections

Memory Configuration

Name             Origin             Length             Attributes
FLASH            0x08000000         0x00080000         xr
SRAM             0x20000000         0x00020000         xrw
*default*        0x00000000         0xffffffff

Linker script and memory map

LOAD object/kmath.o
LOAD object/kfloat.o
LOAD object/cm4.o
LOAD object/mcu_info.o
LOAD object/kstring.o
LOAD object/kmain.o
LOAD object/stm32_startup.o
LOAD object/sys_clock.o
LOAD object/sys_usart.o
LOAD object/sys_gpio.o
LOAD object/kstdio.o
LOAD object/sys_init.o
LOAD object/unistd.o
LOAD object/times.o
LOAD object/serial_lin.o
LOAD object/UsartRingBuffer.o
LOAD object/debug.o
LOAD object/timer.o
LOAD object/sys_err.o
LOAD object/sys_rtc.o

.text           0x08000000     0x4858
                0x08000000                        _stext = .
 *(.isr_vector)
 .isr_vector    0x08000000      0x1c4 object/stm32_startup.o
                0x08000000                NVIC_VECTOR
 *(.text)
 .text          0x080001c4       0x4e object/kmath.o
                0x080001c4                __pow
 *fill*         0x08000212        0x2 
 .text          0x08000214      0xed4 object/kfloat.o
                0x08000214                __aeabi_f2d
                0x080002da                __aeabi_d2f
                0x08000362                __aeabi_d2iz
                0x080003f2                __aeabi_d2i
                0x08000482                get_decimal_part
                0x0800056c                __aeabi_ui2d
                0x080005ec                __aeabi_d2uiz
                0x08000662                __aeabi_dsub
                0x08000922                __aeabi_dmul
                0x08000ad4                __aeabi_dadd
                0x08000d82                __aeabi_d2ulz
                0x08000e00                __aeabi_ddiv
                0x080010a8                __aeabi_dcmpeq
 .text          0x080010e8      0x2dc object/cm4.o
                0x080010e8                __enable_fpu
                0x08001114                __SysTick_init
                0x08001144                SysTickIntDisable
                0x08001164                SysTickIntEnable
                0x08001184                __SysTick_enable
                0x080011a4                __SysTick_disable
                0x080011c4                __getSysTickCount
                0x080011dc                __updateSysTick
                0x0800123c                __getTime
                0x08001254                __get__Second
                0x0800126c                __get__Minute
                0x08001284                __get__Hour
                0x0800129c                SysTick_Handler
                0x08001338                ms_delay
                0x08001368                getmsTick
                0x08001380                wait_until
                0x080013b4                SYS_SLEEP_WFI
 .text          0x080013c4      0x1a8 object/mcu_info.o
                0x080013c4                show_system_info
                0x08001470                store_product_id
                0x08001558                get_product_id
 .text          0x0800156c      0x914 object/kstring.o
                0x0800156c                __str_to_num
                0x0800164e                __reverse_str
                0x080016ac                __strlen
                0x080016da                convert
                0x08001758                convertu32
                0x080017b0                float2str
                0x0800187c                str2float
                0x0800197e                kmemset
                0x080019ca                StrCat
                0x08001a14                strcopy
                0x08001a4e                clear_str
                0x08001a8c                strncopy
                0x08001ade                strn4mcopy
                0x08001b2c                byte_to_hex
                0x08001ba0                show_byte_hex_str
                0x08001be0                show_byte_stream_hex
                0x08001c20                strcomp
                0x08001c70                strncopy_cmd
                0x08001cbe                uint16_to_str
                0x08001e10                strCat_n_to_m
 .text          0x08001e80        0xc object/kmain.o
                0x08001e80                kmain
 .text          0x08001e8c       0xe8 object/stm32_startup.o
                0x08001e8c                Reset_Handler
                0x08001f44                RTC_WKUP_Handler
                0x08001f44                FLASH_Handler
                0x08001f44                DMA2_Stream7_Handler
                0x08001f44                OTG_HS_Handler
                0x08001f44                DMA2_Stream3_Handler
                0x08001f44                USART3_Handler
                0x08001f44                PendSV_Handler
                0x08001f44                NMI_Handler
                0x08001f44                SAI1_Handler
                0x08001f44                TIM6_DAC_Handler
                0x08001f44                CAN1_RX1_Handler
                0x08001f44                EXTI15_10_Handler
                0x08001f44                ADC_Handler
                0x08001f44                I2C1_EV_Handler
                0x08001f44                TAMP_STAMP_Handler
                0x08001f44                I2C3_ER_Handler
                0x08001f44                WWDG_Handler
                0x08001f44                EXTI4_Handler
                0x08001f44                I2C3_EV_Handler
                0x08001f44                DMA1_Stream1_Handler
                0x08001f44                DMA2_Stream4_Handler
                0x08001f44                DMA1_Stream7_Handler
                0x08001f44                OTG_FS_Handler
                0x08001f44                TIM1_BRK_TIM9_Handler
                0x08001f44                I2C1_ER_Handler
                0x08001f44                DMA1_Stream3_Handler
                0x08001f44                UsageFault_Handler
                0x08001f44                TIM1_UP_TIM10_Handler
                0x08001f44                CAN1_RX0_Handler
                0x08001f44                TIM1_CC_Handler
                0x08001f44                I2C2_ER_Handler
                0x08001f44                TIM8_CC_Handler
                0x08001f44                HDMI_CEC_Handler
                0x08001f44                SAI2_Handler
                0x08001f44                CAN1_SCE_Handler
                0x08001f44                DMA1_Stream0_Handler
                0x08001f44                OTG_HS_EP1_OUT_Handler
                0x08001f44                EXTI1_Handler
                0x08001f44                FMC_Handler
                0x08001f44                EXTI3_Handler
                0x08001f44                EXTI2_Handler
                0x08001f44                UART4_Handler
                0x08001f44                CAN2_RX1_Handler
                0x08001f44                EXTI9_5_Handler
                0x08001f44                USART1_Handler
                0x08001f44                CAN2_SCE_Handler
                0x08001f44                TIM3_Handler
                0x08001f44                DMA2_Stream6_Handler
                0x08001f44                Default_Handler
                0x08001f44                DCMI_Handler
                0x08001f44                TIM1_TRG_COM_TIM11_Handler
                0x08001f44                RTC_Alarm_Handler
                0x08001f44                TIM4_Handler
                0x08001f44                TIM8_UP_TIM13_Handler
                0x08001f44                CAN2_TX_Handler
                0x08001f44                SPI2_Handler
                0x08001f44                DMA2_Stream1_Handler
                0x08001f44                DMA1_Stream2_Handler
                0x08001f44                EXTI0_Handler
                0x08001f44                TIM8_BRK_TIM12_Handler
                0x08001f44                CAN2_RX0_Handler
                0x08001f44                DMA2_Stream5_Handler
                0x08001f44                DMA1_Stream6_Handler
                0x08001f44                SDIO_Handler
                0x08001f44                FMPI2C1_ERR_Handler
                0x08001f44                SPI1_Handler
                0x08001f44                I2C2_EV_Handler
                0x08001f44                SPDIF_Rx_Handler
                0x08001f44                DMA2_Stream2_Handler
                0x08001f44                SPI3_Handler
                0x08001f44                DMA2_Stream0_Handler
                0x08001f44                RCC_Handler
                0x08001f44                PVD_Handler
                0x08001f44                UART5_Handler
                0x08001f44                DMA1_Stream5_Handler
                0x08001f44                TIM5_Handler
                0x08001f44                QuadSPI_Handler
                0x08001f44                TIM7_Handler
                0x08001f44                TIM8_TRG_COM_TIM14_Handler
                0x08001f44                CAN1_TX_Handler
                0x08001f44                FPU_Handler
                0x08001f44                FMPI2C1_Handler
                0x08001f44                DMA1_Stream4_Handler
                0x08001f44                DebugMonitor_Handler
                0x08001f44                OTG_HS_WKUP_Handler
                0x08001f44                OTG_FS_WKUP_Handler
                0x08001f44                SPI4_Handler
                0x08001f44                OTG_HS_EP1_IN_Handler
                0x08001f4c                HardFault_Handler
                0x08001f54                MemManage_Handler
                0x08001f5c                BusFault_Handler
                0x08001f64                SVCall_Handler
 .text          0x08001f74      0x308 object/sys_clock.o
                0x08001f74                __init_sys_clock
                0x08002040                __APB1CLK_FREQ
                0x080020bc                __APB2CLK_FREQ
                0x08002138                __PLL_SYS_CLK
                0x080021d0                __AHB_CLK
 .text          0x0800227c      0x584 object/sys_usart.o
                0x0800232c                UART_Init
                0x080023c6                UART_DeInit
                0x08002434                UART_BRR_SAMPLING16
                0x080025c8                UART_MspInit
 .text          0x08002800      0x5bc object/sys_gpio.o
                0x08002800                GPIO_WritePin
                0x08002832                GPIO_Init
                0x08002b38                GPIO_DeInit
                0x08002d20                SPI_GPIOInit
 .text          0x08002dbc      0x34c object/kstdio.o
                0x08002dbc                kprintf
                0x08002f50                putstr
                0x08002f9c                kscanf
 .text          0x08003108      0x138 object/sys_init.o
                0x08003150                __sys_init
                0x0800320c                SYS_ROUTINE
                0x08003218                display_group_info
 .text          0x08003240        0x0 object/unistd.o
 .text          0x08003240        0x0 object/times.o
 .text          0x08003240      0x1b8 object/serial_lin.o
                0x08003240                SerialLin2_init
                0x080032d8                SerialLin6_init
                0x08003370                USART2_Handler
                0x08003384                USART6_Handler
                0x08003398                noIntWrite
                0x080033c8                noIntSendString
 .text          0x080033f8      0xb7c object/UsartRingBuffer.o
                0x080033f8                Ringbuf_init
                0x08003492                Look_for
                0x08003532                GetDataFromBuffer
                0x08003672                Uart_flush
                0x080036ae                Uart_peek
                0x08003728                Uart_read
                0x080037c8                Uart_write
                0x08003880                IsDataAvailable
                0x08003904                Get_after
                0x08003962                Uart_sendstring
                0x08003990                Uart_printbase
                0x08003a28                Copy_upto
                0x08003b28                Wait_for
                0x08003c14                look_for_frame
                0x08003d7a                Uart_isr
                0x08003e88                update_tail
                0x08003eee                debug_buffer
 .text          0x08003f74      0x110 object/debug.o
                0x08003f74                __debugRamUsage
                0x08003fc0                __digitalWriteDebugButton
                0x0800401c                __digitalReadDebugButton
                0x0800404c                __alalogReadDebug
                0x08004064                __analogWriteDebug
 .text          0x08004084      0x228 object/timer.o
                0x080040c0                ConfigTimer2ForSystem
                0x0800413c                Delay_micro_second
                0x080041d0                Delay
                0x080041fe                getMiliseconds
                0x08004240                getMicroseconds
                0x08004270                TIM2_Handler
 .text          0x080042ac       0x14 object/sys_err.o
                0x080042ac                Error_Handler
 .text          0x080042c0      0x364 object/sys_rtc.o
                0x080042c0                SYS_RTC_init
                0x08004568                get_timeofDay
 *(.rodata)
 .rodata        0x08004624       0x64 object/mcu_info.o
 .rodata        0x08004688        0x6 object/kstring.o
 *fill*         0x0800468e        0x2 
 .rodata        0x08004690        0x4 object/stm32_startup.o
                0x08004690                STACK_START
 .rodata        0x08004694       0x18 object/sys_clock.o
                0x08004694                AHBPrescTable
                0x080046a4                APBPrescTable
 .rodata        0x080046ac      0x1aa object/sys_init.o
                0x08004858                        . = ALIGN (0x4)
 *fill*         0x08004856        0x2 
                0x08004858                        _etext = .
                0x08004858                        _la_data = LOADADDR (.data)

.glue_7         0x08004858        0x0
 .glue_7        0x08004858        0x0 linker stubs

.glue_7t        0x08004858        0x0
 .glue_7t       0x08004858        0x0 linker stubs

.vfp11_veneer   0x08004858        0x0
 .vfp11_veneer  0x08004858        0x0 linker stubs

.v4_bx          0x08004858        0x0
 .v4_bx         0x08004858        0x0 linker stubs

.iplt           0x08004858        0x0
 .iplt          0x08004858        0x0 object/kfloat.o

.rel.dyn        0x08004858        0x0
 .rel.iplt      0x08004858        0x0 object/kfloat.o

.data           0x20000000       0x6c load address 0x08004858
                0x20000000                        _sdata = .
 *(.data)
 .data          0x20000000        0x0 object/kmath.o
 .data          0x20000000        0x0 object/kfloat.o
 .data          0x20000000        0x0 object/cm4.o
 .data          0x20000000        0x0 object/mcu_info.o
 .data          0x20000000       0x61 object/kstring.o
 .data          0x20000061        0x0 object/kmain.o
 .data          0x20000061        0x0 object/stm32_startup.o
 .data          0x20000061        0x0 object/sys_clock.o
 .data          0x20000061        0x0 object/sys_usart.o
 .data          0x20000061        0x0 object/sys_gpio.o
 .data          0x20000061        0x0 object/kstdio.o
 .data          0x20000061        0x0 object/sys_init.o
 .data          0x20000061        0x0 object/unistd.o
 .data          0x20000061        0x0 object/times.o
 *fill*         0x20000061        0x3 
 .data          0x20000064        0x8 object/serial_lin.o
                0x20000064                errObj
 .data          0x2000006c        0x0 object/UsartRingBuffer.o
 .data          0x2000006c        0x0 object/debug.o
 .data          0x2000006c        0x0 object/timer.o
 .data          0x2000006c        0x0 object/sys_err.o
 .data          0x2000006c        0x0 object/sys_rtc.o
                0x2000006c                        . = ALIGN (0x4)
                0x2000006c                        _edata = .

.igot.plt       0x2000006c        0x0 load address 0x080048c4
 .igot.plt      0x2000006c        0x0 object/kfloat.o

.bss            0x2000006c      0x905 load address 0x080048c4
                0x2000006c                        _sbss = .
 *(.bss)
 .bss           0x2000006c        0x0 object/kmath.o
 .bss           0x2000006c        0x0 object/kfloat.o
 .bss           0x2000006c       0x10 object/cm4.o
                0x2000006c                ms_tick
                0x20000070                sec_tick
                0x20000074                min_tick
                0x20000078                hour_tick
 .bss           0x2000007c       0x14 object/mcu_info.o
 .bss           0x20000090       0x32 object/kstring.o
 .bss           0x200000c2        0x0 object/kmain.o
 *fill*         0x200000c2        0x2 
 .bss           0x200000c4        0xc object/stm32_startup.o
                0x200000c4                _bss_size
                0x200000c8                _data_size
                0x200000cc                _text_size
 .bss           0x200000d0        0x0 object/sys_clock.o
 .bss           0x200000d0        0x0 object/sys_usart.o
 .bss           0x200000d0        0x0 object/sys_gpio.o
 .bss           0x200000d0        0x0 object/kstdio.o
 .bss           0x200000d0        0x0 object/sys_init.o
 .bss           0x200000d0        0x0 object/unistd.o
 .bss           0x200000d0        0x0 object/times.o
 .bss           0x200000d0      0x890 object/serial_lin.o
                0x200000d0                huart2
                0x20000518                huart6
 .bss           0x20000960        0x0 object/UsartRingBuffer.o
 .bss           0x20000960        0xc object/debug.o
                0x20000964                CURRENT_MSP
                0x20000968                DEBUG_BUTTON
                0x2000096a                DEBUG_ANALOG_IO
 .bss           0x2000096c        0x5 object/timer.o
 .bss           0x20000971        0x0 object/sys_err.o
 .bss           0x20000971        0x0 object/sys_rtc.o
                0x20000971                        _ebss = .
OUTPUT(build/final.elf elf32-littlearm)
LOAD linker stubs

.comment        0x00000000       0x26
 .comment       0x00000000       0x26 object/kmath.o
                                 0x27 (size before relaxing)
 .comment       0x00000026       0x27 object/kfloat.o
 .comment       0x00000026       0x27 object/cm4.o
 .comment       0x00000026       0x27 object/mcu_info.o
 .comment       0x00000026       0x27 object/kstring.o
 .comment       0x00000026       0x27 object/kmain.o
 .comment       0x00000026       0x27 object/stm32_startup.o
 .comment       0x00000026       0x27 object/sys_clock.o
 .comment       0x00000026       0x27 object/sys_usart.o
 .comment       0x00000026       0x27 object/sys_gpio.o
 .comment       0x00000026       0x27 object/kstdio.o
 .comment       0x00000026       0x27 object/sys_init.o
 .comment       0x00000026       0x27 object/unistd.o
 .comment       0x00000026       0x27 object/times.o
 .comment       0x00000026       0x27 object/serial_lin.o
 .comment       0x00000026       0x27 object/UsartRingBuffer.o
 .comment       0x00000026       0x27 object/debug.o
 .comment       0x00000026       0x27 object/timer.o
 .comment       0x00000026       0x27 object/sys_err.o
 .comment       0x00000026       0x27 object/sys_rtc.o

.ARM.attributes
                0x00000000       0x32
 .ARM.attributes
                0x00000000       0x32 object/kmath.o
 .ARM.attributes
                0x00000032       0x32 object/kfloat.o
 .ARM.attributes
                0x00000064       0x32 object/cm4.o
 .ARM.attributes
                0x00000096       0x32 object/mcu_info.o
 .ARM.attributes
                0x000000c8       0x32 object/kstring.o
 .ARM.attributes
                0x000000fa       0x32 object/kmain.o
 .ARM.attributes
                0x0000012c       0x32 object/stm32_startup.o
 .ARM.attributes
                0x0000015e       0x32 object/sys_clock.o
 .ARM.attributes
                0x00000190       0x32 object/sys_usart.o
 .ARM.attributes
                0x000001c2       0x32 object/sys_gpio.o
 .ARM.attributes
                0x000001f4       0x32 object/kstdio.o
 .ARM.attributes
                0x00000226       0x32 object/sys_init.o
 .ARM.attributes
                0x00000258       0x32 object/unistd.o
 .ARM.attributes
                0x0000028a       0x32 object/times.o
 .ARM.attributes
                0x000002bc       0x32 object/serial_lin.o
 .ARM.attributes
                0x000002ee       0x32 object/UsartRingBuffer.o
 .ARM.attributes
                0x00000320       0x32 object/debug.o
 .ARM.attributes
                0x00000352       0x32 object/timer.o
 .ARM.attributes
                0x00000384       0x32 object/sys_err.o
 .ARM.attributes
                0x000003b6       0x32 object/sys_rtc.o
